
> storytiles@0.0.0 test
> vitest run


 RUN  v4.1.4 C:/Users/sulle/claude_projects/storytiles

 ❯ tests/Toolbar.test.jsx (0 test)

⎯⎯⎯⎯⎯⎯ Failed Suites 1 ⎯⎯⎯⎯⎯⎯⎯

 FAIL  tests/Toolbar.test.jsx [ tests/Toolbar.test.jsx ]
Error: Failed to resolve import "../src/components/Toolbar" from "tests/Toolbar.test.jsx". Does the file exist?
  Plugin: vite:import-analysis
  File: C:/Users/sulle/claude_projects/storytiles/tests/Toolbar.test.jsx:2:24
  1  |  import { render, screen, fireEvent } from "@testing-library/react";
  2  |  import { Toolbar } from "../src/components/Toolbar";
     |                           ^
  3  |  var _jsxFileName = "C:/Users/sulle/claude_projects/storytiles/tests/Toolbar.test.jsx";
  4  |  import { jsxDEV as _jsxDEV } from "react/jsx-dev-runtime";
 ❯ TransformPluginContext._formatLog node_modules/vite/dist/node/chunks/node.js:30354:39
 ❯ TransformPluginContext.error node_modules/vite/dist/node/chunks/node.js:30351:14
 ❯ normalizeUrl node_modules/vite/dist/node/chunks/node.js:27633:18
 ❯ node_modules/vite/dist/node/chunks/node.js:27696:30
 ❯ TransformPluginContext.transform node_modules/vite/dist/node/chunks/node.js:27664:4
 ❯ EnvironmentPluginContainer.transform node_modules/vite/dist/node/chunks/node.js:30143:14
 ❯ loadAndTransform node_modules/vite/dist/node/chunks/node.js:24468:26

⎯⎯⎯⎯⎯⎯⎯⎯⎯⎯⎯⎯⎯⎯⎯⎯⎯⎯⎯⎯⎯⎯⎯⎯[1/1]⎯


 Test Files  1 failed | 2 passed (3)
      Tests  11 passed (11)
   Start at  11:34:50
   Duration  2.11s (transform 225ms, setup 497ms, import 282ms, tests 50ms, environment 4.33s)

